// Jest Snapshot v1, https://goo.gl/fbAQLP

exports[`Pruebas en <HookApp /> should create 1`] = `
<div>
  Hola Mundo
</div>
`;
