// Jest Snapshot v1, https://goo.gl/fbAQLP

exports[`Pruebas en HomeScreen should show correctly 1`] = `
<div>
  <h1>
    Home Screen
  </h1>
  <hr />
  <pre
    className="container"
  >
    {
   "name": "Guido",
   "email": "pirulo"
}
  </pre>
</div>
`;
